2025-03-19 01:26:03,079 INFO test_1 Открыта начальная страница
2025-03-19 01:26:03,196 INFO test_1 Успешный клик на контакты.
2025-03-19 01:26:04,297 INFO test_1 Успешный клик на офисы.
2025-03-19 01:26:06,572 INFO Проверка 'Сила в людях' пройдена
2025-03-19 01:26:09,193 INFO Текущий url: https://tensor.ru/about
2025-03-19 01:26:09,243 INFO Размеры картинок одинаковые
2025-03-19 01:26:18,085 INFO test_2 Открыта начальная страница
2025-03-19 01:26:18,189 INFO test_2 Успешный клик на контакты.
2025-03-19 01:26:19,046 INFO test_2 Успешный клик на офисы.
2025-03-19 01:26:19,495 INFO test_2 Регион - Тамбовская обл. соответствует заявленному.
2025-03-19 02:06:00,245 INFO test_1 Открыта начальная страница
2025-03-19 02:06:12,776 INFO test_2 Открыта начальная страница
2025-03-19 02:06:13,073 INFO test_2 Успешный клик на контакты.
2025-03-19 02:06:14,270 INFO test_2 Успешный клик на офисы.
2025-03-19 02:06:43,354 INFO test_1 Открыта начальная страница
2025-03-19 02:06:43,450 INFO test_1 Успешный клик на контакты.
2025-03-19 02:06:44,274 INFO test_1 Успешный клик на офисы.
2025-03-19 02:06:49,167 INFO test_2 Открыта начальная страница
2025-03-19 02:07:10,638 INFO test_1 Открыта начальная страница
2025-03-19 02:07:10,723 INFO test_1 Успешный клик на контакты.
2025-03-19 02:07:11,724 INFO test_1 Успешный клик на офисы.
2025-03-19 02:07:19,666 INFO test_2 Открыта начальная страница
2025-03-19 02:07:19,757 INFO test_2 Успешный клик на контакты.
2025-03-19 02:07:20,591 INFO test_2 Успешный клик на офисы.
2025-03-19 02:07:35,750 INFO test_1 Открыта начальная страница
2025-03-19 02:07:38,622 INFO test_1 Успешный клик на контакты.
2025-03-19 02:07:39,474 INFO test_1 Успешный клик на офисы.
2025-03-19 02:07:41,236 INFO test_1 Проверка 'Сила в людях' пройдена
2025-03-19 02:07:43,594 INFO test_1 Текущий url: https://tensor.ru/about
2025-03-19 02:07:43,656 INFO test_1 Размеры картинок одинаковые
2025-03-19 02:07:51,293 INFO test_2 Открыта начальная страница
2025-03-19 02:07:51,406 INFO test_2 Успешный клик на контакты.
2025-03-19 02:07:52,229 INFO test_2 Успешный клик на офисы.
2025-03-19 02:08:22,573 INFO test_1 Открыта начальная страница
2025-03-19 02:08:22,678 INFO test_1 Успешный клик на контакты.
2025-03-19 02:08:28,468 INFO test_1 Успешный клик на офисы.
2025-03-19 02:08:36,029 INFO test_2 Открыта начальная страница
2025-03-19 02:08:36,121 INFO test_2 Успешный клик на контакты.
2025-03-19 02:08:36,966 INFO test_2 Успешный клик на офисы.
2025-03-19 02:08:37,322 INFO test_2 Регион - Тамбовская обл. соответствует заявленному.
2025-03-19 02:08:38,570 INFO test_2 Регион изменён.
2025-03-19 02:08:38,606 INFO test_2 Список партнёров изменён.
2025-03-19 02:08:38,612 INFO test_2 url соответствует региону.
2025-03-19 02:08:38,616 INFO test_2 заголовок страницы соответствует региону.
